// Jest Snapshot v1, https://goo.gl/fbAQLP

exports[`Pruebas en <PrimeraApp/> debe de mostrar  <PrimeraApp/> correctamente  1`] = `
<Fragment>
   
  <h1>
    hola soy...
  </h1>
  <h3>
    soy el subtitulo
  </h3>
</Fragment>
`;
