// Jest Snapshot v1, https://goo.gl/fbAQLP

exports[`Pruebas en GifExpertApp debe de mostrar  <GifExpertApp/> correctamente  1`] = `
<Fragment>
  <h1>
    GifExpertApp
  </h1>
  <AddCategory
    setCategories={[Function]}
  />
  <hr />
  <ol />
</Fragment>
`;
